=== LIAFTrackletUNet V3 training (LIAF / analog fire) ===
device=cpu
Generating curriculum datasets...
  stage1: train=1600 tubes (354 pos) val=500 tubes (109 pos)
  stage2: train=4000 tubes (481 pos) val=1000 tubes (112 pos)
  stage3: train=9640 tubes (4640 pos) val=3000 tubes (172 pos)
  built in 180.2s
LIAF V3 model: 142,588 trainable parameters

=== Stage 1 (warmup, (2.0, 10.0)) ===
[warmup  ] Epoch  0 | train_loss=0.8255  val_loss=0.3543  val_roc_auc=0.939  val_pr_auc=0.869
             ^ new best val_roc_auc=0.939
[warmup  ] Epoch  1 | train_loss=0.4437  val_loss=0.1996  val_roc_auc=0.965  val_pr_auc=0.919
             ^ new best val_roc_auc=0.965
[warmup  ] Epoch  2 | train_loss=0.2822  val_loss=0.1429  val_roc_auc=0.978  val_pr_auc=0.950
             ^ new best val_roc_auc=0.978
[warmup  ] Epoch  3 | train_loss=0.2188  val_loss=0.1257  val_roc_auc=0.989  val_pr_auc=0.971
             ^ new best val_roc_auc=0.989
[warmup  ] Epoch  4 | train_loss=0.1697  val_loss=0.1785  val_roc_auc=0.988  val_pr_auc=0.970
[warmup  ] Epoch  5 | train_loss=0.1654  val_loss=0.1280  val_roc_auc=0.992  val_pr_auc=0.979
             ^ new best val_roc_auc=0.992
[warmup  ] Restored best-val checkpoint (val_roc_auc=0.992)

=== Stage 2 (transition, (-5.0, 2.0)) ===
[transit ] Epoch  6 | train_loss=0.3268  val_loss=0.3586  val_roc_auc=0.889  val_pr_auc=0.641
             ^ new best val_roc_auc=0.889
[transit ] Epoch  7 | train_loss=0.2796  val_loss=0.2150  val_roc_auc=0.906  val_pr_auc=0.680
             ^ new best val_roc_auc=0.906
[transit ] Epoch  8 | train_loss=0.2555  val_loss=0.2078  val_roc_auc=0.913  val_pr_auc=0.699
             ^ new best val_roc_auc=0.913
[transit ] Epoch  9 | train_loss=0.2530  val_loss=0.2421  val_roc_auc=0.921  val_pr_auc=0.694
             ^ new best val_roc_auc=0.921
[transit ] Epoch 10 | train_loss=0.2505  val_loss=0.2366  val_roc_auc=0.900  val_pr_auc=0.647
[transit ] Restored best-val checkpoint (val_roc_auc=0.921)

=== Stage 3 (finetune, (-15.0, -3.0)) ===
  stage3 train pool with rehearsal: 11240 tubes (4878 pos)
[finetune] Epoch 11 | train_loss=0.3567  val_loss=0.1765  val_roc_auc=0.645  val_pr_auc=0.121
             ^ new best val_roc_auc=0.645
[finetune] Epoch 12 | train_loss=0.3697  val_loss=0.2094  val_roc_auc=0.650  val_pr_auc=0.117
             ^ new best val_roc_auc=0.650
[finetune] Epoch 13 | train_loss=0.3485  val_loss=0.2993  val_roc_auc=0.655  val_pr_auc=0.114
             ^ new best val_roc_auc=0.655
[finetune] Epoch 14 | train_loss=0.3539  val_loss=0.1985  val_roc_auc=0.645  val_pr_auc=0.117
[finetune] Epoch 15 | train_loss=0.3559  val_loss=0.2028  val_roc_auc=0.649  val_pr_auc=0.122
[finetune] Epoch 16 | train_loss=0.3643  val_loss=0.2313  val_roc_auc=0.644  val_pr_auc=0.116
[finetune] Epoch 17 | train_loss=0.3522  val_loss=0.2417  val_roc_auc=0.649  val_pr_auc=0.113
[finetune] Epoch 18 | train_loss=0.3428  val_loss=0.2245  val_roc_auc=0.653  val_pr_auc=0.122
[finetune] Epoch 19 | train_loss=0.3469  val_loss=0.2293  val_roc_auc=0.652  val_pr_auc=0.124
[finetune] Epoch 20 | train_loss=0.3511  val_loss=0.1958  val_roc_auc=0.656  val_pr_auc=0.125
             ^ new best val_roc_auc=0.656
[finetune] Restored best-val checkpoint (val_roc_auc=0.656)

Checkpoint: /Users/roeygraif/Documents/GitHub/droneDetectionNew/spikeNN/results/snn_v3_checkpoint.pt
Per-stage best val ROC-AUC: stage1=0.992  stage2=0.921  stage3=0.656

=== SNR sweep on V3 (8 cells, 20 runs/cell) ===
SNR sweep saved to /Users/roeygraif/Documents/GitHub/droneDetectionNew/spikeNN/results/snn_v3_snr_sweep.json
  SNR=-20.0 dB | Pd@FAR=1/100 = 0.10  (pos_mean=0.419  neg_mean=0.412)
  SNR=-15.0 dB | Pd@FAR=1/100 = 0.00  (pos_mean=0.414  neg_mean=0.464)
  SNR=-12.0 dB | Pd@FAR=1/100 = 0.00  (pos_mean=0.415  neg_mean=0.434)
  SNR= -9.0 dB | Pd@FAR=1/100 = 0.05  (pos_mean=0.416  neg_mean=0.432)
  SNR= -6.0 dB | Pd@FAR=1/100 = 0.15  (pos_mean=0.452  neg_mean=0.424)
  SNR= -3.0 dB | Pd@FAR=1/100 = 0.45  (pos_mean=0.641  neg_mean=0.436)
  SNR= +0.0 dB | Pd@FAR=1/100 = 1.00  (pos_mean=0.802  neg_mean=0.435)
  SNR= +3.0 dB | Pd@FAR=1/100 = 1.00  (pos_mean=0.869  neg_mean=0.429)
