=== SpikingTrackletUNet training ===
device=cpu
Generating curriculum datasets...
  stage1 (+2..+10 dB): train=1600 tubes (354 pos) val=500 tubes (109 pos)
  stage2 (-5..+2 dB): train=4000 tubes (481 pos) val=1000 tubes (112 pos)
  stage3 (-15..-3 dB): train=9640 tubes (4640 pos) val=3000 tubes (172 pos)
  built in 354.1s
SNN model: 63,828 trainable parameters

=== Stage 1 (warmup, (2.0, 10.0)) ===
[warmup  ] Epoch  0 | train_loss=0.7884  val_loss=0.3368  val_roc_auc=0.900  val_pr_auc=0.791
             ^ new best val_roc_auc=0.900
[warmup  ] Epoch  1 | train_loss=0.4966  val_loss=0.2635  val_roc_auc=0.918  val_pr_auc=0.815
             ^ new best val_roc_auc=0.918
[warmup  ] Epoch  2 | train_loss=0.3649  val_loss=0.2015  val_roc_auc=0.941  val_pr_auc=0.890
             ^ new best val_roc_auc=0.941
[warmup  ] Epoch  3 | train_loss=0.3112  val_loss=0.2009  val_roc_auc=0.970  val_pr_auc=0.935
             ^ new best val_roc_auc=0.970
[warmup  ] Epoch  4 | train_loss=0.2617  val_loss=0.1889  val_roc_auc=0.995  val_pr_auc=0.986
             ^ new best val_roc_auc=0.995
[warmup  ] Epoch  5 | train_loss=0.2556  val_loss=0.1620  val_roc_auc=0.989  val_pr_auc=0.977
[warmup  ] Restored best-val checkpoint (val_roc_auc=0.995)

=== Stage 2 (transition, (-5.0, 2.0)) ===
[transit ] Epoch  6 | train_loss=0.3775  val_loss=0.2931  val_roc_auc=0.849  val_pr_auc=0.556
             ^ new best val_roc_auc=0.849
[transit ] Epoch  7 | train_loss=0.3452  val_loss=0.2116  val_roc_auc=0.880  val_pr_auc=0.640
             ^ new best val_roc_auc=0.880
[transit ] Epoch  8 | train_loss=0.3479  val_loss=0.2102  val_roc_auc=0.880  val_pr_auc=0.630
[transit ] Epoch  9 | train_loss=0.3688  val_loss=0.2864  val_roc_auc=0.836  val_pr_auc=0.498
[transit ] Epoch 10 | train_loss=0.3700  val_loss=0.2463  val_roc_auc=0.894  val_pr_auc=0.604
             ^ new best val_roc_auc=0.894
[transit ] Restored best-val checkpoint (val_roc_auc=0.894)

=== Stage 3 (finetune, (-15.0, -3.0)) ===
  stage3 train pool with rehearsal: 11240 tubes (4878 pos)
[finetune] Epoch 11 | train_loss=0.3957  val_loss=0.2042  val_roc_auc=0.580  val_pr_auc=0.082
             ^ new best val_roc_auc=0.580
[finetune] Epoch 12 | train_loss=0.4152  val_loss=0.2356  val_roc_auc=0.607  val_pr_auc=0.090
             ^ new best val_roc_auc=0.607
[finetune] Epoch 13 | train_loss=0.4003  val_loss=0.2721  val_roc_auc=0.585  val_pr_auc=0.097
[finetune] Epoch 14 | train_loss=0.3987  val_loss=0.2215  val_roc_auc=0.573  val_pr_auc=0.086
[finetune] Epoch 15 | train_loss=0.4083  val_loss=0.2763  val_roc_auc=0.582  val_pr_auc=0.079
[finetune] Epoch 16 | train_loss=0.4203  val_loss=0.2221  val_roc_auc=0.579  val_pr_auc=0.076
[finetune] Epoch 17 | train_loss=0.4012  val_loss=0.2066  val_roc_auc=0.585  val_pr_auc=0.087
[finetune] Epoch 18 | train_loss=0.3954  val_loss=0.2503  val_roc_auc=0.591  val_pr_auc=0.082
[finetune] Epoch 19 | train_loss=0.4047  val_loss=0.2400  val_roc_auc=0.561  val_pr_auc=0.069
[finetune] Epoch 20 | train_loss=0.4023  val_loss=0.2294  val_roc_auc=0.576  val_pr_auc=0.070
[finetune] Restored best-val checkpoint (val_roc_auc=0.607)

Checkpoint saved to /Users/roeygraif/Documents/GitHub/droneDetectionNew/spikeNN/results/snn_checkpoint.pt
History saved to /Users/roeygraif/Documents/GitHub/droneDetectionNew/spikeNN/results/snn_history.json
Per-stage best val ROC-AUC: stage1=0.995  stage2=0.894  stage3=0.607

=== SNR sweep on SNN (8 cells, 20 runs/cell) ===
SNR sweep saved to /Users/roeygraif/Documents/GitHub/droneDetectionNew/spikeNN/results/snn_snr_sweep.json
  SNR=-20.0 dB | Pd@FAR=1/100 = 0.00  (pos_mean=0.392  neg_mean=0.391)
  SNR=-15.0 dB | Pd@FAR=1/100 = 0.00  (pos_mean=0.427  neg_mean=0.380)
  SNR=-12.0 dB | Pd@FAR=1/100 = 0.00  (pos_mean=0.387  neg_mean=0.401)
  SNR= -9.0 dB | Pd@FAR=1/100 = 0.05  (pos_mean=0.383  neg_mean=0.388)
  SNR= -6.0 dB | Pd@FAR=1/100 = 0.00  (pos_mean=0.386  neg_mean=0.380)
  SNR= -3.0 dB | Pd@FAR=1/100 = 0.30  (pos_mean=0.465  neg_mean=0.403)
  SNR= +0.0 dB | Pd@FAR=1/100 = 0.95  (pos_mean=0.621  neg_mean=0.391)
  SNR= +3.0 dB | Pd@FAR=1/100 = 1.00  (pos_mean=0.762  neg_mean=0.385)
